Command line invocation:
    /Applications/Xcode.app/Contents/Developer/usr/bin/xcodebuild -project Block-Jack.xcodeproj -scheme Block-Jack -destination generic/platform=iOS build

2026-04-20 21:15:15.263 xcodebuild[73196:236142216] [MT] IDERunDestination: Supported platforms for the buildables in the current scheme is empty.
ComputePackagePrebuildTargetDependencyGraph

Prepare packages

CreateBuildRequest

SendProjectDescription

CreateBuildOperation

ComputeTargetDependencyGraph
note: Building targets in dependency order
note: Target dependency graph (1 target)
    Target 'Block-Jack' in project 'Block-Jack' (no dependencies)

GatherProvisioningInputs

CreateBuildDescription

ExecuteExternalTool /Applications/Xcode.app/Contents/Developer/Toolchains/XcodeDefault.xctoolchain/usr/bin/clang -v -E -dM -isysroot /Applications/Xcode.app/Contents/Developer/Platforms/iPhoneOS.platform/Developer/SDKs/iPhoneOS26.1.sdk -x c -c /dev/null

ExecuteExternalTool /Applications/Xcode.app/Contents/Developer/usr/bin/momc --dry-run --action generate --swift-version 5.0 --sdkroot /Applications/Xcode.app/Contents/Developer/Platforms/iPhoneOS.platform/Developer/SDKs/iPhoneOS26.1.sdk --iphoneos-deployment-target 26.1 --module Block_Jack /Users/yakupsuda/YakupSuda_Projeler/Block-Jack/Block-Jack/Block_Jack.xcdatamodeld /Users/yakupsuda/Library/Developer/Xcode/DerivedData/Block-Jack-ewolnoetllpamrayzvdyomjgtjbs/Build/Intermediates.noindex/Block-Jack.build/Debug-iphoneos/Block-Jack.build/DerivedSources/CoreDataGenerated/Block_Jack

ExecuteExternalTool /Applications/Xcode.app/Contents/Developer/usr/bin/actool --print-asset-tag-combinations --output-format xml1 /Users/yakupsuda/YakupSuda_Projeler/Block-Jack/Block-Jack/Assets.xcassets

ExecuteExternalTool /Applications/Xcode.app/Contents/Developer/usr/bin/actool --version --output-format xml1

ExecuteExternalTool /Applications/Xcode.app/Contents/Developer/Toolchains/XcodeDefault.xctoolchain/usr/bin/swiftc --version

ExecuteExternalTool /Applications/Xcode.app/Contents/Developer/Toolchains/XcodeDefault.xctoolchain/usr/bin/ld -version_details

Build description signature: 15c7fed52eb41fd7df75622d1e3841c7
Build description path: /Users/yakupsuda/Library/Developer/Xcode/DerivedData/Block-Jack-ewolnoetllpamrayzvdyomjgtjbs/Build/Intermediates.noindex/XCBuildData/15c7fed52eb41fd7df75622d1e3841c7.xcbuilddata
ProcessProductPackaging "" /Users/yakupsuda/Library/Developer/Xcode/DerivedData/Block-Jack-ewolnoetllpamrayzvdyomjgtjbs/Build/Intermediates.noindex/Block-Jack.build/Debug-iphoneos/Block-Jack.build/Block-Jack.app.xcent (in target 'Block-Jack' from project 'Block-Jack')
    cd /Users/yakupsuda/YakupSuda_Projeler/Block-Jack
    
    Entitlements:
    
    {
    "application-identifier" = "4WQF4N3C7F.yakupsuda.Block-Jack";
    "com.apple.developer.team-identifier" = 4WQF4N3C7F;
    "get-task-allow" = 1;
}
    
    builtin-productPackagingUtility -entitlements -format xml -o /Users/yakupsuda/Library/Developer/Xcode/DerivedData/Block-Jack-ewolnoetllpamrayzvdyomjgtjbs/Build/Intermediates.noindex/Block-Jack.build/Debug-iphoneos/Block-Jack.build/Block-Jack.app.xcent

ProcessProductPackagingDER /Users/yakupsuda/Library/Developer/Xcode/DerivedData/Block-Jack-ewolnoetllpamrayzvdyomjgtjbs/Build/Intermediates.noindex/Block-Jack.build/Debug-iphoneos/Block-Jack.build/Block-Jack.app.xcent /Users/yakupsuda/Library/Developer/Xcode/DerivedData/Block-Jack-ewolnoetllpamrayzvdyomjgtjbs/Build/Intermediates.noindex/Block-Jack.build/Debug-iphoneos/Block-Jack.build/Block-Jack.app.xcent.der (in target 'Block-Jack' from project 'Block-Jack')
    cd /Users/yakupsuda/YakupSuda_Projeler/Block-Jack
    /usr/bin/derq query -f xml -i /Users/yakupsuda/Library/Developer/Xcode/DerivedData/Block-Jack-ewolnoetllpamrayzvdyomjgtjbs/Build/Intermediates.noindex/Block-Jack.build/Debug-iphoneos/Block-Jack.build/Block-Jack.app.xcent -o /Users/yakupsuda/Library/Developer/Xcode/DerivedData/Block-Jack-ewolnoetllpamrayzvdyomjgtjbs/Build/Intermediates.noindex/Block-Jack.build/Debug-iphoneos/Block-Jack.build/Block-Jack.app.xcent.der --raw

ClangStatCache /Applications/Xcode.app/Contents/Developer/Toolchains/XcodeDefault.xctoolchain/usr/bin/clang-stat-cache /Applications/Xcode.app/Contents/Developer/Platforms/iPhoneOS.platform/Developer/SDKs/iPhoneOS26.1.sdk /Users/yakupsuda/Library/Developer/Xcode/DerivedData/SDKStatCaches.noindex/iphoneos26.1-23B77-69b33fc7382b27d9b5d46e82a00f8e78.sdkstatcache
    cd /Users/yakupsuda/YakupSuda_Projeler/Block-Jack/Block-Jack.xcodeproj
    /Applications/Xcode.app/Contents/Developer/Toolchains/XcodeDefault.xctoolchain/usr/bin/clang-stat-cache /Applications/Xcode.app/Contents/Developer/Platforms/iPhoneOS.platform/Developer/SDKs/iPhoneOS26.1.sdk -o /Users/yakupsuda/Library/Developer/Xcode/DerivedData/SDKStatCaches.noindex/iphoneos26.1-23B77-69b33fc7382b27d9b5d46e82a00f8e78.sdkstatcache

ProcessInfoPlistFile /Users/yakupsuda/Library/Developer/Xcode/DerivedData/Block-Jack-ewolnoetllpamrayzvdyomjgtjbs/Build/Products/Debug-iphoneos/Block-Jack.app/Info.plist /Users/yakupsuda/Library/Developer/Xcode/DerivedData/Block-Jack-ewolnoetllpamrayzvdyomjgtjbs/Build/Intermediates.noindex/Block-Jack.build/Debug-iphoneos/Block-Jack.build/empty-Block-Jack.plist (in target 'Block-Jack' from project 'Block-Jack')
    cd /Users/yakupsuda/YakupSuda_Projeler/Block-Jack
    builtin-infoPlistUtility /Users/yakupsuda/Library/Developer/Xcode/DerivedData/Block-Jack-ewolnoetllpamrayzvdyomjgtjbs/Build/Intermediates.noindex/Block-Jack.build/Debug-iphoneos/Block-Jack.build/empty-Block-Jack.plist -producttype com.apple.product-type.application -genpkginfo /Users/yakupsuda/Library/Developer/Xcode/DerivedData/Block-Jack-ewolnoetllpamrayzvdyomjgtjbs/Build/Products/Debug-iphoneos/Block-Jack.app/PkgInfo -expandbuildsettings -format binary -platform iphoneos -additionalcontentfile /Users/yakupsuda/Library/Developer/Xcode/DerivedData/Block-Jack-ewolnoetllpamrayzvdyomjgtjbs/Build/Intermediates.noindex/Block-Jack.build/Debug-iphoneos/Block-Jack.build/assetcatalog_generated_info.plist -requiredArchitecture arm64 -o /Users/yakupsuda/Library/Developer/Xcode/DerivedData/Block-Jack-ewolnoetllpamrayzvdyomjgtjbs/Build/Products/Debug-iphoneos/Block-Jack.app/Info.plist

CodeSign /Users/yakupsuda/Library/Developer/Xcode/DerivedData/Block-Jack-ewolnoetllpamrayzvdyomjgtjbs/Build/Products/Debug-iphoneos/Block-Jack.app (in target 'Block-Jack' from project 'Block-Jack')
    cd /Users/yakupsuda/YakupSuda_Projeler/Block-Jack
    
    Signing Identity:     "Apple Development: yakup.suda@enqura.com (LMRUSDC3T4)"
    Provisioning Profile: "iOS Team Provisioning Profile: yakupsuda.Block-Jack"
                          (ae263c98-19d9-4b71-8988-6868d1d23467)
    
    /usr/bin/codesign --force --sign 72EE591F5A3CC76CC45211782D479756A69DC58D --entitlements /Users/yakupsuda/Library/Developer/Xcode/DerivedData/Block-Jack-ewolnoetllpamrayzvdyomjgtjbs/Build/Intermediates.noindex/Block-Jack.build/Debug-iphoneos/Block-Jack.build/Block-Jack.app.xcent --timestamp\=none --generate-entitlement-der /Users/yakupsuda/Library/Developer/Xcode/DerivedData/Block-Jack-ewolnoetllpamrayzvdyomjgtjbs/Build/Products/Debug-iphoneos/Block-Jack.app
/Users/yakupsuda/Library/Developer/Xcode/DerivedData/Block-Jack-ewolnoetllpamrayzvdyomjgtjbs/Build/Products/Debug-iphoneos/Block-Jack.app: replacing existing signature

Validate /Users/yakupsuda/Library/Developer/Xcode/DerivedData/Block-Jack-ewolnoetllpamrayzvdyomjgtjbs/Build/Products/Debug-iphoneos/Block-Jack.app (in target 'Block-Jack' from project 'Block-Jack')
    cd /Users/yakupsuda/YakupSuda_Projeler/Block-Jack
    builtin-validationUtility /Users/yakupsuda/Library/Developer/Xcode/DerivedData/Block-Jack-ewolnoetllpamrayzvdyomjgtjbs/Build/Products/Debug-iphoneos/Block-Jack.app -shallow-bundle -infoplist-subpath Info.plist

** BUILD SUCCEEDED **

